{
  "version": "1.5.0",
  "plugins_used": [
    {
      "name": "ArtifactoryDetector"
    },
    {
      "name": "AWSKeyDetector"
    },
    {
      "name": "AzureStorageKeyDetector"
    },
    {
      "name": "Base64HighEntropyString",
      "limit": 4.5
    },
    {
      "name": "BasicAuthDetector"
    },
    {
      "name": "CloudantDetector"
    },
    {
      "name": "DiscordBotTokenDetector"
    },
    {
      "name": "GitHubTokenDetector"
    },
    {
      "name": "GitLabTokenDetector"
    },
    {
      "name": "HexHighEntropyString",
      "limit": 3.0
    },
    {
      "name": "IbmCloudIamDetector"
    },
    {
      "name": "IbmCosHmacDetector"
    },
    {
      "name": "IPPublicDetector"
    },
    {
      "name": "JwtTokenDetector"
    },
    {
      "name": "KeywordDetector",
      "keyword_exclude": ""
    },
    {
      "name": "MailchimpDetector"
    },
    {
      "name": "NpmDetector"
    },
    {
      "name": "OpenAIDetector"
    },
    {
      "name": "PrivateKeyDetector"
    },
    {
      "name": "PypiTokenDetector"
    },
    {
      "name": "SendGridDetector"
    },
    {
      "name": "SlackDetector"
    },
    {
      "name": "SoftlayerDetector"
    },
    {
      "name": "SquareOAuthDetector"
    },
    {
      "name": "StripeDetector"
    },
    {
      "name": "TelegramBotTokenDetector"
    },
    {
      "name": "TwilioKeyDetector"
    }
  ],
  "filters_used": [
    {
      "path": "detect_secrets.filters.allowlist.is_line_allowlisted"
    },
    {
      "path": "detect_secrets.filters.common.is_ignored_due_to_verification_policies",
      "min_level": 2
    },
    {
      "path": "detect_secrets.filters.heuristic.is_indirect_reference"
    },
    {
      "path": "detect_secrets.filters.heuristic.is_likely_id_string"
    },
    {
      "path": "detect_secrets.filters.heuristic.is_lock_file"
    },
    {
      "path": "detect_secrets.filters.heuristic.is_not_alphanumeric_string"
    },
    {
      "path": "detect_secrets.filters.heuristic.is_potential_uuid"
    },
    {
      "path": "detect_secrets.filters.heuristic.is_prefixed_with_dollar_sign"
    },
    {
      "path": "detect_secrets.filters.heuristic.is_sequential_string"
    },
    {
      "path": "detect_secrets.filters.heuristic.is_swagger_file"
    },
    {
      "path": "detect_secrets.filters.heuristic.is_templated_secret"
    },
    {
      "path": "detect_secrets.filters.regex.should_exclude_file",
      "pattern": [
        "\\.git/.*",
        "node_modules/.*",
        "pnpm-lock\\.yaml",
        "\\.codehub/.*",
        "SBOM\\.cdx\\.json",
        ".*\\.lock$",
        ".*\\.tsbuildinfo$",
        "dist/.*",
        ".*\\.min\\.js$",
        ".*\\.map$",
        "vendor/.*",
        "\\.erpaval/.*",
        "\\.npm/.*",
        "\\.astro/.*",
        "\\.secrets\\.baseline"
      ]
    }
  ],
  "results": {
    "packages/analysis/src/page-rank.test.ts": [
      {
        "type": "Hex High Entropy String",
        "filename": "packages/analysis/src/page-rank.test.ts",
        "hashed_secret": "e3fdbbc96eaa60786974548a1a09cc078804aa3d",
        "is_verified": false,
        "line_number": 74
      }
    ],
    "packages/cli/src/commands/index-repo.test.ts": [
      {
        "type": "Hex High Entropy String",
        "filename": "packages/cli/src/commands/index-repo.test.ts",
        "hashed_secret": "d23bd10592bd06603057fd3d7a4506743fbdb43b",
        "is_verified": false,
        "line_number": 39
      }
    ],
    "packages/cli/src/scip-pins.ts": [
      {
        "type": "Hex High Entropy String",
        "filename": "packages/cli/src/scip-pins.ts",
        "hashed_secret": "fcdf4195aa3c347737da1e575806a295f9c021be",
        "is_verified": false,
        "line_number": 130
      },
      {
        "type": "Hex High Entropy String",
        "filename": "packages/cli/src/scip-pins.ts",
        "hashed_secret": "9d0516ba2a61bb12f1451ba9df814d12f52422f1",
        "is_verified": false,
        "line_number": 154
      },
      {
        "type": "Hex High Entropy String",
        "filename": "packages/cli/src/scip-pins.ts",
        "hashed_secret": "3f56fa719f45798ccc2488540608905ca8fbc0bf",
        "is_verified": false,
        "line_number": 190
      },
      {
        "type": "Hex High Entropy String",
        "filename": "packages/cli/src/scip-pins.ts",
        "hashed_secret": "9abd1a2bb680580c4f956fa2a47a980f6518c9c5",
        "is_verified": false,
        "line_number": 196
      },
      {
        "type": "Hex High Entropy String",
        "filename": "packages/cli/src/scip-pins.ts",
        "hashed_secret": "92332b62f0fe29bed53eeffe05a88ab31b87315a",
        "is_verified": false,
        "line_number": 236
      }
    ],
    "packages/core-types/src/hash.test.ts": [
      {
        "type": "Hex High Entropy String",
        "filename": "packages/core-types/src/hash.test.ts",
        "hashed_secret": "244f421f896bdcdd2784dccf4eaf7c8dfd5189b5",
        "is_verified": false,
        "line_number": 6
      },
      {
        "type": "Hex High Entropy String",
        "filename": "packages/core-types/src/hash.test.ts",
        "hashed_secret": "aabc6baa2329644dd4c24ce57ddde468ff64ce8e",
        "is_verified": false,
        "line_number": 12
      }
    ],
    "packages/embedder/src/http-embedder.test.ts": [
      {
        "type": "Secret Keyword",
        "filename": "packages/embedder/src/http-embedder.test.ts",
        "hashed_secret": "f10317c27ca4d2ef628b2690766ceca20f8668ac",
        "is_verified": false,
        "line_number": 325
      },
      {
        "type": "Secret Keyword",
        "filename": "packages/embedder/src/http-embedder.test.ts",
        "hashed_secret": "d17f1ab3e20d30ec8e0ec98bc91e03091f0573e1",
        "is_verified": false,
        "line_number": 439
      }
    ],
    "packages/embedder/src/model-pins.ts": [
      {
        "type": "Hex High Entropy String",
        "filename": "packages/embedder/src/model-pins.ts",
        "hashed_secret": "0207a3773ba173170c1ccc44729c2e346fbb9e12",
        "is_verified": false,
        "line_number": 15
      },
      {
        "type": "Hex High Entropy String",
        "filename": "packages/embedder/src/model-pins.ts",
        "hashed_secret": "64ca8eac3974a5cbd678de321270a5257edaff08",
        "is_verified": false,
        "line_number": 43
      },
      {
        "type": "Hex High Entropy String",
        "filename": "packages/embedder/src/model-pins.ts",
        "hashed_secret": "cc5171d4407f12f112ca150a8a5680df8d28d227",
        "is_verified": false,
        "line_number": 50
      },
      {
        "type": "Hex High Entropy String",
        "filename": "packages/embedder/src/model-pins.ts",
        "hashed_secret": "d43204e28b1dbe1ca892f5393cfe86371254b56f",
        "is_verified": false,
        "line_number": 57
      },
      {
        "type": "Hex High Entropy String",
        "filename": "packages/embedder/src/model-pins.ts",
        "hashed_secret": "470c964a497fd0b112982013b8b1bb1f68523db9",
        "is_verified": false,
        "line_number": 64
      },
      {
        "type": "Hex High Entropy String",
        "filename": "packages/embedder/src/model-pins.ts",
        "hashed_secret": "507075f422831acf7b62751c7f2d37e93d99e83a",
        "is_verified": false,
        "line_number": 83
      },
      {
        "type": "Hex High Entropy String",
        "filename": "packages/embedder/src/model-pins.ts",
        "hashed_secret": "0124e7cdec3eb7a4b199ee51a047e383e5fb2bc9",
        "is_verified": false,
        "line_number": 98
      }
    ],
    "packages/ingestion/src/pipeline/phases/content-cache.test.ts": [
      {
        "type": "Hex High Entropy String",
        "filename": "packages/ingestion/src/pipeline/phases/content-cache.test.ts",
        "hashed_secret": "78fe441cba8a3bd1d84351e6f700ee8c494ff98b",
        "is_verified": false,
        "line_number": 19
      },
      {
        "type": "Hex High Entropy String",
        "filename": "packages/ingestion/src/pipeline/phases/content-cache.test.ts",
        "hashed_secret": "8f8e76aa11d365940289d58f8a589d225ebcc63e",
        "is_verified": false,
        "line_number": 20
      }
    ],
    "packages/ingestion/src/pipeline/phases/repo-node.test.ts": [
      {
        "type": "Basic Auth Credentials",
        "filename": "packages/ingestion/src/pipeline/phases/repo-node.test.ts",
        "hashed_secret": "ee977806d7286510da8b9a7492ba58e2484c0ecc",
        "is_verified": false,
        "line_number": 47
      },
      {
        "type": "Hex High Entropy String",
        "filename": "packages/ingestion/src/pipeline/phases/repo-node.test.ts",
        "hashed_secret": "158b484ae1f6f64f89da22397d25fbdafad02252",
        "is_verified": false,
        "line_number": 119
      },
      {
        "type": "Hex High Entropy String",
        "filename": "packages/ingestion/src/pipeline/phases/repo-node.test.ts",
        "hashed_secret": "a33bee9914fa4090c8f06504da2d2dbb13754e2d",
        "is_verified": false,
        "line_number": 149
      }
    ],
    "packages/ingestion/src/pipeline/phases/repo-node.ts": [
      {
        "type": "Basic Auth Credentials",
        "filename": "packages/ingestion/src/pipeline/phases/repo-node.ts",
        "hashed_secret": "ee977806d7286510da8b9a7492ba58e2484c0ecc",
        "is_verified": false,
        "line_number": 151
      }
    ],
    "packages/sarif/fixtures/v2.1.0-valid.sarif.json": [
      {
        "type": "Hex High Entropy String",
        "filename": "packages/sarif/fixtures/v2.1.0-valid.sarif.json",
        "hashed_secret": "bc9947c6b98e4298cf1ba280ea4a5830fb64cf4b",
        "is_verified": false,
        "line_number": 38
      }
    ],
    "packages/sarif/src/schema-validation.test.ts": [
      {
        "type": "Hex High Entropy String",
        "filename": "packages/sarif/src/schema-validation.test.ts",
        "hashed_secret": "bc9947c6b98e4298cf1ba280ea4a5830fb64cf4b",
        "is_verified": false,
        "line_number": 54
      }
    ],
    "packages/scanners/src/catalog.ts": [
      {
        "type": "Secret Keyword",
        "filename": "packages/scanners/src/catalog.ts",
        "hashed_secret": "f3bbbd66a63d4bf1747940578ec3d0103530e21d",
        "is_verified": false,
        "line_number": 68
      },
      {
        "type": "Basic Auth Credentials",
        "filename": "packages/scanners/src/catalog.ts",
        "hashed_secret": "9d4e1e23bd5b727046a9e3b4b7db57bd8d6ee684",
        "is_verified": false,
        "line_number": 69
      }
    ],
    "packages/scanners/src/converters/detect-secrets-to-sarif.test.ts": [
      {
        "type": "Secret Keyword",
        "filename": "packages/scanners/src/converters/detect-secrets-to-sarif.test.ts",
        "hashed_secret": "6367c48dd193d56ea7b0baad25b19455e529f5ee",
        "is_verified": false,
        "line_number": 28
      },
      {
        "type": "Secret Keyword",
        "filename": "packages/scanners/src/converters/detect-secrets-to-sarif.test.ts",
        "hashed_secret": "0b3d8b29493059afd7f9912106279c4643ac4939",
        "is_verified": false,
        "line_number": 35
      },
      {
        "type": "Secret Keyword",
        "filename": "packages/scanners/src/converters/detect-secrets-to-sarif.test.ts",
        "hashed_secret": "ffcb2deee9131e6cda4faa78bb40423c9b847ff0",
        "is_verified": false,
        "line_number": 44
      },
      {
        "type": "Secret Keyword",
        "filename": "packages/scanners/src/converters/detect-secrets-to-sarif.test.ts",
        "hashed_secret": "ac4ae97285c19b13201deb9b192d921316db3447",
        "is_verified": false,
        "line_number": 71
      },
      {
        "type": "Secret Keyword",
        "filename": "packages/scanners/src/converters/detect-secrets-to-sarif.test.ts",
        "hashed_secret": "bf1c365741a4bfb5fee5c3150335ab4f867a4d9a",
        "is_verified": false,
        "line_number": 78
      },
      {
        "type": "Secret Keyword",
        "filename": "packages/scanners/src/converters/detect-secrets-to-sarif.test.ts",
        "hashed_secret": "f49cf6381e322b147053b74e4500af8533ac1e4c",
        "is_verified": false,
        "line_number": 102
      },
      {
        "type": "Secret Keyword",
        "filename": "packages/scanners/src/converters/detect-secrets-to-sarif.test.ts",
        "hashed_secret": "07c6d85766912f733f8e20e7b639702e383d14e3",
        "is_verified": false,
        "line_number": 136
      },
      {
        "type": "Secret Keyword",
        "filename": "packages/scanners/src/converters/detect-secrets-to-sarif.test.ts",
        "hashed_secret": "4801dc173acec2ca381ea34fad2258ac32fcc4a2",
        "is_verified": false,
        "line_number": 142
      },
      {
        "type": "Secret Keyword",
        "filename": "packages/scanners/src/converters/detect-secrets-to-sarif.test.ts",
        "hashed_secret": "7a85f4764bbd6daf1c3545efbbf0f279a6dc0beb",
        "is_verified": false,
        "line_number": 194
      },
      {
        "type": "Secret Keyword",
        "filename": "packages/scanners/src/converters/detect-secrets-to-sarif.test.ts",
        "hashed_secret": "aa20c3bf5eca16e978a39965710b45ac9b9b5949",
        "is_verified": false,
        "line_number": 195
      }
    ],
    "packages/scanners/src/converters/detect-secrets-to-sarif.ts": [
      {
        "type": "Secret Keyword",
        "filename": "packages/scanners/src/converters/detect-secrets-to-sarif.ts",
        "hashed_secret": "49261fcb15a7f165031840707fa7fd42ef7b0921",
        "is_verified": false,
        "line_number": 73
      },
      {
        "type": "Secret Keyword",
        "filename": "packages/scanners/src/converters/detect-secrets-to-sarif.ts",
        "hashed_secret": "da28d1d6117bc94b53b31aee9ee76fa597af9df8",
        "is_verified": false,
        "line_number": 82
      },
      {
        "type": "Secret Keyword",
        "filename": "packages/scanners/src/converters/detect-secrets-to-sarif.ts",
        "hashed_secret": "ecb252044b5ea0f679ee78ec1a12904739e2904d",
        "is_verified": false,
        "line_number": 154
      }
    ],
    "packages/scanners/src/wrappers/wrappers.test.ts": [
      {
        "type": "Secret Keyword",
        "filename": "packages/scanners/src/wrappers/wrappers.test.ts",
        "hashed_secret": "ac4ae97285c19b13201deb9b192d921316db3447",
        "is_verified": false,
        "line_number": 225
      },
      {
        "type": "Secret Keyword",
        "filename": "packages/scanners/src/wrappers/wrappers.test.ts",
        "hashed_secret": "bf1c365741a4bfb5fee5c3150335ab4f867a4d9a",
        "is_verified": false,
        "line_number": 232
      }
    ],
    "packages/storage/src/duckdb-adapter.test.ts": [
      {
        "type": "Hex High Entropy String",
        "filename": "packages/storage/src/duckdb-adapter.test.ts",
        "hashed_secret": "158b484ae1f6f64f89da22397d25fbdafad02252",
        "is_verified": false,
        "line_number": 953
      }
    ],
    "packages/storage/src/graph-hash-parity.test.ts": [
      {
        "type": "Hex High Entropy String",
        "filename": "packages/storage/src/graph-hash-parity.test.ts",
        "hashed_secret": "158b484ae1f6f64f89da22397d25fbdafad02252",
        "is_verified": false,
        "line_number": 428
      }
    ],
    "packages/storage/src/graphdb-adapter.test.ts": [
      {
        "type": "Hex High Entropy String",
        "filename": "packages/storage/src/graphdb-adapter.test.ts",
        "hashed_secret": "158b484ae1f6f64f89da22397d25fbdafad02252",
        "is_verified": false,
        "line_number": 970
      }
    ],
    "packages/storage/src/graphdb-roundtrip.test.ts": [
      {
        "type": "Hex High Entropy String",
        "filename": "packages/storage/src/graphdb-roundtrip.test.ts",
        "hashed_secret": "158b484ae1f6f64f89da22397d25fbdafad02252",
        "is_verified": false,
        "line_number": 481
      }
    ]
  },
  "generated_at": "2026-05-12T15:14:54Z"
}
